// Jest Snapshot v1, https://goo.gl/fbAQLP

exports[`<GDPRBlock /> GDPRBlock renders correctly 1`] = `
<View
  style={
    {
      "alignItems": "center",
      "flexBasis": 0,
      "flexGrow": 1,
      "flexShrink": 1,
      "paddingHorizontal": 21,
    }
  }
>
  <View
    style={
      {
        "alignItems": "center",
        "height": 466.9,
        "justifyContent": "center",
        "marginTop": 30,
      }
    }
  >
    <Image
      source={1}
      style={
        {
          "height": 400.2,
          "resizeMode": "contain",
          "width": 400.2,
        }
      }
    />
  </View>
  <View
    style={{}}
  >
    <Text
      style={
        {
          "color": "#FFFFFF",
          "fontFamily": "Poppins-Bold",
          "fontSize": 20,
          "marginVertical": 10,
          "textAlign": "center",
        }
      }
    >
      MOCKED_STRING:onb:gdprHeader
    </Text>
    <Text
      style={
        {
          "color": "#FFFFFF",
          "fontFamily": "Poppins-Regular",
          "fontSize": 13,
          "marginBottom": 20,
          "marginTop": 10,
          "textAlign": "center",
          "width": 637.5,
        }
      }
    >
      MOCKED_STRING:onb:gdprExplanation
    </Text>
  </View>
  <View
    style={
      {
        "backgroundColor": "#292A30",
        "borderBottomLeftRadius": 10,
        "borderBottomRightRadius": 10,
        "borderColor": "rgba(255,255,255,0.1)",
        "borderTopLeftRadius": 10,
        "borderTopRightRadius": 10,
        "borderWidth": 1.5,
        "flexDirection": "row",
        "justifyContent": "space-between",
        "paddingBottom": 14,
        "paddingLeft": 16,
        "paddingRight": 16,
        "paddingTop": 14,
      }
    }
  >
    <View
      style={
        {
          "borderBottomLeftRadius": 8,
          "borderBottomRightRadius": 8,
          "borderTopLeftRadius": 8,
          "borderTopRightRadius": 8,
          "width": "100%",
        }
      }
    >
      <View
        accessibilityState={
          {
            "busy": undefined,
            "checked": undefined,
            "disabled": false,
            "expanded": undefined,
            "selected": undefined,
          }
        }
        accessibilityValue={
          {
            "max": undefined,
            "min": undefined,
            "now": undefined,
            "text": undefined,
          }
        }
        accessible={true}
        collapsable={false}
        focusable={true}
        onClick={[Function]}
        onResponderGrant={[Function]}
        onResponderMove={[Function]}
        onResponderRelease={[Function]}
        onResponderTerminate={[Function]}
        onResponderTerminationRequest={[Function]}
        onStartShouldSetResponder={[Function]}
        style={
          {
            "alignItems": "center",
            "flexDirection": "row",
            "justifyContent": "space-between",
            "opacity": 1,
            "width": "100%",
          }
        }
      >
        <Text
          style={
            {
              "color": "#FFFFFF",
              "fontFamily": "Poppins-Regular",
              "fontSize": 12,
              "fontStyle": "normal",
              "fontWeight": "300",
              "lineHeight": 22,
              "width": 625,
            }
          }
          type="gdpr"
        >
          MOCKED_STRING:onb:iAgreeTermsAndConditions
        </Text>
        <View
          style={
            {
              "flexDirection": "row",
              "width": 100,
            }
          }
        >
          <RCTSwitch
            accessibilityRole="switch"
            disabled={false}
            onChange={[Function]}
            onResponderTerminationRequest={[Function]}
            onStartShouldSetResponder={[Function]}
            style={
              {
                "height": 31,
                "width": 51,
              }
            }
            value={false}
          />
        </View>
      </View>
    </View>
  </View>
</View>
`;
