// Jest Snapshot v1, https://goo.gl/fbAQLP

exports[`<GenderPicker /> GenderPicker renders correctly 1`] = `
[
  <View
    style={
      {
        "alignItems": "center",
        "flexDirection": "row",
        "justifyContent": "space-between",
      }
    }
  >
    <View
      accessibilityState={
        {
          "busy": undefined,
          "checked": undefined,
          "disabled": undefined,
          "expanded": undefined,
          "selected": undefined,
        }
      }
      accessibilityValue={
        {
          "max": undefined,
          "min": undefined,
          "now": undefined,
          "text": undefined,
        }
      }
      accessible={true}
      collapsable={false}
      focusable={true}
      onClick={[Function]}
      onResponderGrant={[Function]}
      onResponderMove={[Function]}
      onResponderRelease={[Function]}
      onResponderTerminate={[Function]}
      onResponderTerminationRequest={[Function]}
      onStartShouldSetResponder={[Function]}
      style={
        {
          "borderBottomLeftRadius": 8,
          "borderBottomRightRadius": 8,
          "borderColor": "#54575e",
          "borderStyle": "solid",
          "borderTopLeftRadius": 8,
          "borderTopRightRadius": 8,
          "borderWidth": 1,
          "flexBasis": 0,
          "flexGrow": 1,
          "flexShrink": 1,
          "height": 115,
          "justifyContent": "center",
          "marginRight": 5,
          "opacity": 1,
          "textAlign": "center",
        }
      }
    >
      <ViewManagerAdapter_ExpoLinearGradient
        colors={
          [
            "#FF6705",
            "#FFB700",
          ]
        }
        end={
          {
            "x": 1,
            "y": 0,
          }
        }
        start={
          {
            "x": 0,
            "y": 1,
          }
        }
        style={
          {
            "alignItems": "center",
            "borderBottomLeftRadius": 8,
            "borderBottomRightRadius": 8,
            "borderTopLeftRadius": 8,
            "borderTopRightRadius": 8,
            "flexBasis": 0,
            "flexGrow": 1,
            "flexShrink": 1,
            "height": 115,
            "justifyContent": "center",
          }
        }
      >
        <Text
          allowFontScaling={false}
          isSelected={true}
          selectable={false}
          style={
            [
              {
                "color": undefined,
                "fontSize": 12,
              },
              {
                "color": "#FFFFFF",
                "fontSize": 38,
              },
              {
                "fontFamily": undefined,
                "fontStyle": "normal",
                "fontWeight": "normal",
              },
              {},
            ]
          }
        >
          
        </Text>
        <Text
          isSelected={true}
          style={
            {
              "color": "#FFFFFF",
              "fontFamily": "Poppins-Regular",
              "fontSize": 14,
              "fontWeight": "400",
              "paddingTop": 10,
            }
          }
        >
          MOCKED_STRING:onb:male
        </Text>
      </ViewManagerAdapter_ExpoLinearGradient>
    </View>
    <View
      accessibilityState={
        {
          "busy": undefined,
          "checked": undefined,
          "disabled": undefined,
          "expanded": undefined,
          "selected": undefined,
        }
      }
      accessibilityValue={
        {
          "max": undefined,
          "min": undefined,
          "now": undefined,
          "text": undefined,
        }
      }
      accessible={true}
      collapsable={false}
      focusable={true}
      onClick={[Function]}
      onResponderGrant={[Function]}
      onResponderMove={[Function]}
      onResponderRelease={[Function]}
      onResponderTerminate={[Function]}
      onResponderTerminationRequest={[Function]}
      onStartShouldSetResponder={[Function]}
      style={
        {
          "borderBottomLeftRadius": 8,
          "borderBottomRightRadius": 8,
          "borderColor": "#54575e",
          "borderStyle": "solid",
          "borderTopLeftRadius": 8,
          "borderTopRightRadius": 8,
          "borderWidth": 1,
          "flexBasis": 0,
          "flexGrow": 1,
          "flexShrink": 1,
          "height": 115,
          "justifyContent": "center",
          "marginRight": 5,
          "opacity": 1,
          "textAlign": "center",
        }
      }
    >
      <View
        style={
          {
            "alignItems": "center",
            "backgroundColor": "#28292E",
            "borderBottomLeftRadius": 8,
            "borderBottomRightRadius": 8,
            "borderTopLeftRadius": 8,
            "borderTopRightRadius": 8,
            "height": "100%",
            "justifyContent": "center",
            "width": "100%",
          }
        }
      >
        <Text
          allowFontScaling={false}
          isSelected={false}
          selectable={false}
          style={
            [
              {
                "color": undefined,
                "fontSize": 12,
              },
              {
                "color": "#aaaaaa",
                "fontSize": 38,
              },
              {
                "fontFamily": undefined,
                "fontStyle": "normal",
                "fontWeight": "normal",
              },
              {},
            ]
          }
        >
          
        </Text>
        <Text
          isSelected={false}
          style={
            {
              "color": "#aaaaaa",
              "fontFamily": "Poppins-Regular",
              "fontSize": 14,
              "fontWeight": "400",
              "paddingTop": 10,
            }
          }
        >
          MOCKED_STRING:onb:female
        </Text>
      </View>
    </View>
    <View
      accessibilityState={
        {
          "busy": undefined,
          "checked": undefined,
          "disabled": undefined,
          "expanded": undefined,
          "selected": undefined,
        }
      }
      accessibilityValue={
        {
          "max": undefined,
          "min": undefined,
          "now": undefined,
          "text": undefined,
        }
      }
      accessible={true}
      collapsable={false}
      focusable={true}
      onClick={[Function]}
      onResponderGrant={[Function]}
      onResponderMove={[Function]}
      onResponderRelease={[Function]}
      onResponderTerminate={[Function]}
      onResponderTerminationRequest={[Function]}
      onStartShouldSetResponder={[Function]}
      style={
        {
          "borderBottomLeftRadius": 8,
          "borderBottomRightRadius": 8,
          "borderColor": "#54575e",
          "borderStyle": "solid",
          "borderTopLeftRadius": 8,
          "borderTopRightRadius": 8,
          "borderWidth": 1,
          "flexBasis": 0,
          "flexGrow": 1,
          "flexShrink": 1,
          "height": 115,
          "justifyContent": "center",
          "marginRight": 5,
          "opacity": 1,
          "textAlign": "center",
        }
      }
    >
      <View
        style={
          {
            "alignItems": "center",
            "backgroundColor": "#28292E",
            "borderBottomLeftRadius": 8,
            "borderBottomRightRadius": 8,
            "borderTopLeftRadius": 8,
            "borderTopRightRadius": 8,
            "height": "100%",
            "justifyContent": "center",
            "width": "100%",
          }
        }
      >
        <Text
          allowFontScaling={false}
          isSelected={false}
          selectable={false}
          style={
            [
              {
                "color": undefined,
                "fontSize": 12,
              },
              {
                "color": "#aaaaaa",
                "fontSize": 38,
              },
              {
                "fontFamily": undefined,
                "fontStyle": "normal",
                "fontWeight": "normal",
              },
              {},
            ]
          }
        >
          
        </Text>
        <Text
          isSelected={false}
          style={
            {
              "color": "#aaaaaa",
              "fontFamily": "Poppins-Regular",
              "fontSize": 14,
              "fontWeight": "400",
              "paddingTop": 10,
            }
          }
        >
          MOCKED_STRING:onb:other
        </Text>
      </View>
    </View>
  </View>,
  <View
    style={
      {
        "alignItems": "center",
        "flexDirection": "row",
        "justifyContent": "space-between",
      }
    }
  >
    <View
      accessibilityState={
        {
          "busy": undefined,
          "checked": undefined,
          "disabled": undefined,
          "expanded": undefined,
          "selected": undefined,
        }
      }
      accessibilityValue={
        {
          "max": undefined,
          "min": undefined,
          "now": undefined,
          "text": undefined,
        }
      }
      accessible={true}
      collapsable={false}
      focusable={true}
      onClick={[Function]}
      onResponderGrant={[Function]}
      onResponderMove={[Function]}
      onResponderRelease={[Function]}
      onResponderTerminate={[Function]}
      onResponderTerminationRequest={[Function]}
      onStartShouldSetResponder={[Function]}
      style={
        {
          "borderBottomLeftRadius": 8,
          "borderBottomRightRadius": 8,
          "borderColor": "#54575e",
          "borderStyle": "solid",
          "borderTopLeftRadius": 8,
          "borderTopRightRadius": 8,
          "borderWidth": 1,
          "flexBasis": 0,
          "flexGrow": 1,
          "flexShrink": 1,
          "height": 115,
          "justifyContent": "center",
          "marginRight": 5,
          "opacity": 1,
          "textAlign": "center",
        }
      }
    >
      <View
        style={
          {
            "alignItems": "center",
            "backgroundColor": "#28292E",
            "borderBottomLeftRadius": 8,
            "borderBottomRightRadius": 8,
            "borderTopLeftRadius": 8,
            "borderTopRightRadius": 8,
            "height": "100%",
            "justifyContent": "center",
            "width": "100%",
          }
        }
      >
        <Text
          allowFontScaling={false}
          isSelected={false}
          selectable={false}
          style={
            [
              {
                "color": undefined,
                "fontSize": 12,
              },
              {
                "color": "#aaaaaa",
                "fontSize": 38,
              },
              {
                "fontFamily": undefined,
                "fontStyle": "normal",
                "fontWeight": "normal",
              },
              {},
            ]
          }
        >
          
        </Text>
        <Text
          isSelected={false}
          style={
            {
              "color": "#aaaaaa",
              "fontFamily": "Poppins-Regular",
              "fontSize": 14,
              "fontWeight": "400",
              "paddingTop": 10,
            }
          }
        >
          MOCKED_STRING:onb:male
        </Text>
      </View>
    </View>
    <View
      accessibilityState={
        {
          "busy": undefined,
          "checked": undefined,
          "disabled": undefined,
          "expanded": undefined,
          "selected": undefined,
        }
      }
      accessibilityValue={
        {
          "max": undefined,
          "min": undefined,
          "now": undefined,
          "text": undefined,
        }
      }
      accessible={true}
      collapsable={false}
      focusable={true}
      onClick={[Function]}
      onResponderGrant={[Function]}
      onResponderMove={[Function]}
      onResponderRelease={[Function]}
      onResponderTerminate={[Function]}
      onResponderTerminationRequest={[Function]}
      onStartShouldSetResponder={[Function]}
      style={
        {
          "borderBottomLeftRadius": 8,
          "borderBottomRightRadius": 8,
          "borderColor": "#54575e",
          "borderStyle": "solid",
          "borderTopLeftRadius": 8,
          "borderTopRightRadius": 8,
          "borderWidth": 1,
          "flexBasis": 0,
          "flexGrow": 1,
          "flexShrink": 1,
          "height": 115,
          "justifyContent": "center",
          "marginRight": 5,
          "opacity": 1,
          "textAlign": "center",
        }
      }
    >
      <View
        style={
          {
            "alignItems": "center",
            "backgroundColor": "#28292E",
            "borderBottomLeftRadius": 8,
            "borderBottomRightRadius": 8,
            "borderTopLeftRadius": 8,
            "borderTopRightRadius": 8,
            "height": "100%",
            "justifyContent": "center",
            "width": "100%",
          }
        }
      >
        <Text
          allowFontScaling={false}
          isSelected={false}
          selectable={false}
          style={
            [
              {
                "color": undefined,
                "fontSize": 12,
              },
              {
                "color": "#aaaaaa",
                "fontSize": 38,
              },
              {
                "fontFamily": undefined,
                "fontStyle": "normal",
                "fontWeight": "normal",
              },
              {},
            ]
          }
        >
          
        </Text>
        <Text
          isSelected={false}
          style={
            {
              "color": "#aaaaaa",
              "fontFamily": "Poppins-Regular",
              "fontSize": 14,
              "fontWeight": "400",
              "paddingTop": 10,
            }
          }
        >
          MOCKED_STRING:onb:female
        </Text>
      </View>
    </View>
    <View
      accessibilityState={
        {
          "busy": undefined,
          "checked": undefined,
          "disabled": undefined,
          "expanded": undefined,
          "selected": undefined,
        }
      }
      accessibilityValue={
        {
          "max": undefined,
          "min": undefined,
          "now": undefined,
          "text": undefined,
        }
      }
      accessible={true}
      collapsable={false}
      focusable={true}
      onClick={[Function]}
      onResponderGrant={[Function]}
      onResponderMove={[Function]}
      onResponderRelease={[Function]}
      onResponderTerminate={[Function]}
      onResponderTerminationRequest={[Function]}
      onStartShouldSetResponder={[Function]}
      style={
        {
          "borderBottomLeftRadius": 8,
          "borderBottomRightRadius": 8,
          "borderColor": "#54575e",
          "borderStyle": "solid",
          "borderTopLeftRadius": 8,
          "borderTopRightRadius": 8,
          "borderWidth": 1,
          "flexBasis": 0,
          "flexGrow": 1,
          "flexShrink": 1,
          "height": 115,
          "justifyContent": "center",
          "marginRight": 5,
          "opacity": 1,
          "textAlign": "center",
        }
      }
    >
      <View
        style={
          {
            "alignItems": "center",
            "backgroundColor": "#28292E",
            "borderBottomLeftRadius": 8,
            "borderBottomRightRadius": 8,
            "borderTopLeftRadius": 8,
            "borderTopRightRadius": 8,
            "height": "100%",
            "justifyContent": "center",
            "width": "100%",
          }
        }
      >
        <Text
          allowFontScaling={false}
          isSelected={false}
          selectable={false}
          style={
            [
              {
                "color": undefined,
                "fontSize": 12,
              },
              {
                "color": "#aaaaaa",
                "fontSize": 38,
              },
              {
                "fontFamily": undefined,
                "fontStyle": "normal",
                "fontWeight": "normal",
              },
              {},
            ]
          }
        >
          
        </Text>
        <Text
          isSelected={false}
          style={
            {
              "color": "#aaaaaa",
              "fontFamily": "Poppins-Regular",
              "fontSize": 14,
              "fontWeight": "400",
              "paddingTop": 10,
            }
          }
        >
          MOCKED_STRING:onb:other
        </Text>
      </View>
    </View>
  </View>,
]
`;
