// Jest Snapshot v1, https://goo.gl/fbAQLP

exports[`<ImproveExperience /> ImproveExperience renders correctly 1`] = `
<View
  accessibilityState={
    {
      "busy": undefined,
      "checked": undefined,
      "disabled": undefined,
      "expanded": undefined,
      "selected": undefined,
    }
  }
  accessibilityValue={
    {
      "max": undefined,
      "min": undefined,
      "now": undefined,
      "text": undefined,
    }
  }
  accessible={true}
  collapsable={false}
  focusable={true}
  onClick={[Function]}
  onResponderGrant={[Function]}
  onResponderMove={[Function]}
  onResponderRelease={[Function]}
  onResponderTerminate={[Function]}
  onResponderTerminationRequest={[Function]}
  onStartShouldSetResponder={[Function]}
  style={
    {
      "alignItems": "center",
      "backgroundColor": "#F5D193",
      "borderBottomLeftRadius": 10,
      "borderBottomRightRadius": 10,
      "borderTopLeftRadius": 10,
      "borderTopRightRadius": 10,
      "flexDirection": "row",
      "opacity": 1,
      "paddingBottom": 12,
      "paddingLeft": 12,
      "paddingRight": 12,
      "paddingTop": 12,
    }
  }
>
  <View
    size={50}
    style={
      {
        "height": 50,
        "width": 50,
      }
    }
  >
    <View
      accessibilityState={
        {
          "busy": undefined,
          "checked": undefined,
          "disabled": true,
          "expanded": undefined,
          "selected": undefined,
        }
      }
      accessibilityValue={
        {
          "max": undefined,
          "min": undefined,
          "now": undefined,
          "text": undefined,
        }
      }
      accessible={true}
      collapsable={false}
      focusable={false}
      onClick={[Function]}
      onResponderGrant={[Function]}
      onResponderMove={[Function]}
      onResponderRelease={[Function]}
      onResponderTerminate={[Function]}
      onResponderTerminationRequest={[Function]}
      onStartShouldSetResponder={[Function]}
      style={
        {
          "backgroundColor": "#EBC789",
          "borderBottomLeftRadius": 40,
          "borderBottomRightRadius": 40,
          "borderTopLeftRadius": 40,
          "borderTopRightRadius": 40,
          "height": "100%",
          "opacity": 1,
          "overflow": "hidden",
          "width": "100%",
        }
      }
    >
      <View
        style={
          {
            "alignContent": "center",
            "borderBottomLeftRadius": 60,
            "borderBottomRightRadius": 60,
            "borderTopLeftRadius": 60,
            "borderTopRightRadius": 60,
            "flexDirection": "row",
            "height": "100%",
            "justifyContent": "center",
            "overflow": "hidden",
            "width": "100%",
          }
        }
      >
        <View
          padding={17}
          size={50}
          style={
            {
              "height": 50,
              "paddingBottom": 17,
              "paddingLeft": 17,
              "paddingRight": 17,
              "paddingTop": 17,
              "position": "absolute",
              "width": 50,
            }
          }
        >
          <Image
            contentFit="contain"
            source={1}
            style={
              {
                "height": "100%",
                "width": "100%",
              }
            }
          />
        </View>
      </View>
    </View>
  </View>
  <Text
    style={
      {
        "color": "#28292E",
        "flexBasis": 0,
        "flexGrow": 1,
        "flexShrink": 1,
        "fontFamily": "Poppins-Bold",
        "fontSize": 16,
        "fontStyle": "normal",
        "letterSpacing": 0,
        "lineHeight": 20,
        "marginLeft": 10,
        "textAlign": "left",
        "textTransform": "capitalize",
      }
    }
  >
    MOCKED_STRING:improve:titleLong
  </Text>
  <View
    size={30}
    style={
      {
        "height": 30,
        "width": 30,
      }
    }
  >
    <View
      accessibilityState={
        {
          "busy": undefined,
          "checked": undefined,
          "disabled": true,
          "expanded": undefined,
          "selected": undefined,
        }
      }
      accessibilityValue={
        {
          "max": undefined,
          "min": undefined,
          "now": undefined,
          "text": undefined,
        }
      }
      accessible={true}
      collapsable={false}
      focusable={false}
      onClick={[Function]}
      onResponderGrant={[Function]}
      onResponderMove={[Function]}
      onResponderRelease={[Function]}
      onResponderTerminate={[Function]}
      onResponderTerminationRequest={[Function]}
      onStartShouldSetResponder={[Function]}
      style={
        {
          "backgroundColor": "#FFFFFF",
          "borderBottomLeftRadius": 40,
          "borderBottomRightRadius": 40,
          "borderTopLeftRadius": 40,
          "borderTopRightRadius": 40,
          "height": "100%",
          "opacity": 1,
          "overflow": "hidden",
          "width": "100%",
        }
      }
    >
      <View
        style={
          {
            "alignContent": "center",
            "borderBottomLeftRadius": 60,
            "borderBottomRightRadius": 60,
            "borderTopLeftRadius": 60,
            "borderTopRightRadius": 60,
            "flexDirection": "row",
            "height": "100%",
            "justifyContent": "center",
            "overflow": "hidden",
            "width": "100%",
          }
        }
      >
        <Text
          allowFontScaling={false}
          iconColor="#1F2025"
          padding={0}
          selectable={false}
          style={
            [
              {
                "color": undefined,
                "fontSize": 30,
              },
              {
                "color": "#1F2025",
                "fontSize": 30,
                "paddingBottom": 0,
                "paddingLeft": 0,
                "paddingRight": 0,
                "paddingTop": 0,
                "position": "absolute",
              },
              {
                "fontFamily": undefined,
                "fontStyle": "normal",
                "fontWeight": "normal",
              },
              {},
            ]
          }
        >
          ó°…‚
        </Text>
      </View>
    </View>
  </View>
</View>
`;
