// Jest Snapshot v1, https://goo.gl/fbAQLP

exports[`<AuthLogoBlock /> AuthLogoBlock renders correctly 1`] = `
<View
  style={
    {
      "alignItems": "center",
      "marginBottom": 31,
      "marginTop": 43,
      "width": "100%",
    }
  }
>
  <Image
    source={1}
    style={
      {
        "height": 102,
        "width": 120,
      }
    }
  />
</View>
`;

exports[`<AuthLogoBlock /> AuthLogoBlock renders hero correctly 1`] = `
<View
  style={
    {
      "alignItems": "center",
      "marginTop": 20,
      "width": "100%",
    }
  }
>
  <Image
    source={1}
    style={
      {
        "alignSelf": "center",
        "height": 230,
        "marginBottom": 20,
        "resizeMode": "contain",
        "width": "100%",
      }
    }
  />
  <Text
    style={
      {
        "color": "#FFFFFF",
        "fontFamily": "Poppins-Bold",
        "fontSize": 20,
        "fontStyle": "normal",
        "textAlign": "left",
      }
    }
  >
    MOCKED_STRING:login:Make lifelong friends
  </Text>
</View>
`;
