// Jest Snapshot v1, https://goo.gl/fbAQLP

exports[`<MatchesModal /> MatchesModal renders correctly 1`] = `
<View
  style={
    {
      "flexBasis": 0,
      "flexGrow": 1,
      "flexShrink": 1,
    }
  }
>
  <View
    collapsable={false}
    style={
      {
        "backgroundColor": "#15161A",
        "borderTopLeftRadius": 20,
        "borderTopRightRadius": 20,
        "flexBasis": 0,
        "flexGrow": 1,
        "flexShrink": 1,
        "marginBottom": 0,
        "marginTop": "auto",
        "maxHeight": "85%",
        "overflow": "hidden",
        "paddingBottom": 20,
        "transform": [
          {
            "translateY": 0,
          },
        ],
      }
    }
  >
    <View
      collapsable={false}
      style={
        {
          "backgroundColor": "#383B40",
          "height": 25,
          "position": "relative",
          "width": "100%",
        }
      }
    >
      <View
        onMoveShouldSetResponder={[Function]}
        onMoveShouldSetResponderCapture={[Function]}
        onResponderEnd={[Function]}
        onResponderGrant={[Function]}
        onResponderMove={[Function]}
        onResponderReject={[Function]}
        onResponderRelease={[Function]}
        onResponderStart={[Function]}
        onResponderTerminate={[Function]}
        onResponderTerminationRequest={[Function]}
        onStartShouldSetResponder={[Function]}
        onStartShouldSetResponderCapture={[Function]}
        style={
          {
            "left": 0,
            "position": "absolute",
            "right": 0,
            "top": "10%",
            "zIndex": 1,
          }
        }
      >
        <View
          style={
            {
              "alignSelf": "center",
              "backgroundColor": "#858995",
              "borderBottomLeftRadius": 2,
              "borderBottomRightRadius": 2,
              "borderTopLeftRadius": 2,
              "borderTopRightRadius": 2,
              "height": 4,
              "marginBottom": 16,
              "marginTop": 8,
              "width": 40,
            }
          }
        />
      </View>
    </View>
    <View
      style={
        {
          "flexBasis": 0,
          "flexGrow": 1,
          "flexShrink": 1,
          "width": "100%",
        }
      }
    >
      <View
        style={
          {
            "alignItems": "center",
            "borderBottomWidth": 1,
            "borderColor": "#383B40",
            "borderTopWidth": 1,
            "flexDirection": "row",
            "justifyContent": "space-between",
            "marginBottom": 16,
            "paddingHorizontal": 12,
            "paddingVertical": 16,
          }
        }
      >
        <Text
          style={
            {
              "color": "#FFFFFF",
              "fontSize": 22,
              "textAlign": "center",
            }
          }
        >
          MOCKED_STRING:matches:filterMatches
        </Text>
        <View
          accessibilityState={
            {
              "busy": undefined,
              "checked": undefined,
              "disabled": undefined,
              "expanded": undefined,
              "selected": undefined,
            }
          }
          accessibilityValue={
            {
              "max": undefined,
              "min": undefined,
              "now": undefined,
              "text": undefined,
            }
          }
          accessible={true}
          collapsable={false}
          focusable={true}
          onClick={[Function]}
          onResponderGrant={[Function]}
          onResponderMove={[Function]}
          onResponderRelease={[Function]}
          onResponderTerminate={[Function]}
          onResponderTerminationRequest={[Function]}
          onStartShouldSetResponder={[Function]}
          style={
            {
              "opacity": 1,
            }
          }
        >
          <Text
            style={
              {
                "color": "#873FBB",
                "fontSize": 16,
              }
            }
          >
            MOCKED_STRING:common:cancel
          </Text>
        </View>
      </View>
      <View
        style={
          {
            "flexBasis": 0,
            "flexGrow": 1,
            "flexShrink": 1,
            "paddingHorizontal": 12,
          }
        }
      >
        <Text
          style={
            {
              "color": "#FFFFFF",
              "fontSize": 18,
              "marginVertical": 6,
            }
          }
        >
          MOCKED_STRING:onb:gender
        </Text>
        <View
          style={
            {
              "flexDirection": "row",
              "height": 45,
              "justifyContent": "space-between",
              "marginBottom": 16,
            }
          }
        >
          <View
            accessibilityState={
              {
                "busy": undefined,
                "checked": undefined,
                "disabled": undefined,
                "expanded": undefined,
                "selected": undefined,
              }
            }
            accessibilityValue={
              {
                "max": undefined,
                "min": undefined,
                "now": undefined,
                "text": undefined,
              }
            }
            accessible={true}
            collapsable={false}
            focusable={true}
            onClick={[Function]}
            onResponderGrant={[Function]}
            onResponderMove={[Function]}
            onResponderRelease={[Function]}
            onResponderTerminate={[Function]}
            onResponderTerminationRequest={[Function]}
            onStartShouldSetResponder={[Function]}
            style={
              {
                "flexBasis": 0,
                "flexGrow": 1,
                "flexShrink": 1,
                "marginHorizontal": 20,
                "opacity": 1,
              }
            }
          >
            <View
              active={true}
              collapsable={false}
              style={
                {
                  "alignItems": "center",
                  "borderBottomLeftRadius": 10,
                  "borderBottomRightRadius": 10,
                  "borderColor": "#873FBB",
                  "borderTopLeftRadius": 10,
                  "borderTopRightRadius": 10,
                  "borderWidth": 1,
                  "flexBasis": 0,
                  "flexGrow": 1,
                  "flexShrink": 1,
                  "justifyContent": "center",
                  "transform": [
                    {
                      "scale": 1,
                    },
                  ],
                }
              }
            >
              <View
                collapsable={false}
                style={
                  {
                    "backgroundColor": "#873FBB1A",
                    "borderBottomLeftRadius": 10,
                    "borderBottomRightRadius": 10,
                    "borderTopLeftRadius": 10,
                    "borderTopRightRadius": 10,
                    "bottom": 0,
                    "left": 0,
                    "opacity": 1,
                    "position": "absolute",
                    "right": 0,
                    "top": 0,
                  }
                }
              />
              <Text
                active={true}
                collapsable={false}
                style={
                  {
                    "color": "#873FBB",
                    "fontFamily": "Poppins-Bold",
                    "fontSize": 14,
                    "textTransform": "capitalize",
                  }
                }
              >
                MOCKED_STRING:'onb:Male
              </Text>
            </View>
          </View>
          <View
            accessibilityState={
              {
                "busy": undefined,
                "checked": undefined,
                "disabled": undefined,
                "expanded": undefined,
                "selected": undefined,
              }
            }
            accessibilityValue={
              {
                "max": undefined,
                "min": undefined,
                "now": undefined,
                "text": undefined,
              }
            }
            accessible={true}
            collapsable={false}
            focusable={true}
            onClick={[Function]}
            onResponderGrant={[Function]}
            onResponderMove={[Function]}
            onResponderRelease={[Function]}
            onResponderTerminate={[Function]}
            onResponderTerminationRequest={[Function]}
            onStartShouldSetResponder={[Function]}
            style={
              {
                "flexBasis": 0,
                "flexGrow": 1,
                "flexShrink": 1,
                "marginHorizontal": 20,
                "opacity": 1,
              }
            }
          >
            <View
              active={false}
              collapsable={false}
              style={
                {
                  "alignItems": "center",
                  "borderBottomLeftRadius": 10,
                  "borderBottomRightRadius": 10,
                  "borderColor": "#6B6E79",
                  "borderTopLeftRadius": 10,
                  "borderTopRightRadius": 10,
                  "borderWidth": 1,
                  "flexBasis": 0,
                  "flexGrow": 1,
                  "flexShrink": 1,
                  "justifyContent": "center",
                  "transform": [
                    {
                      "scale": 1,
                    },
                  ],
                }
              }
            >
              <View
                collapsable={false}
                style={
                  {
                    "backgroundColor": "#873FBB1A",
                    "borderBottomLeftRadius": 10,
                    "borderBottomRightRadius": 10,
                    "borderTopLeftRadius": 10,
                    "borderTopRightRadius": 10,
                    "bottom": 0,
                    "left": 0,
                    "opacity": 0,
                    "position": "absolute",
                    "right": 0,
                    "top": 0,
                  }
                }
              />
              <Text
                active={false}
                collapsable={false}
                style={
                  {
                    "color": "#6B6E79",
                    "fontFamily": "Poppins-Regular",
                    "fontSize": 14,
                    "textTransform": "capitalize",
                  }
                }
              >
                MOCKED_STRING:'onb:Female
              </Text>
            </View>
          </View>
          <View
            accessibilityState={
              {
                "busy": undefined,
                "checked": undefined,
                "disabled": undefined,
                "expanded": undefined,
                "selected": undefined,
              }
            }
            accessibilityValue={
              {
                "max": undefined,
                "min": undefined,
                "now": undefined,
                "text": undefined,
              }
            }
            accessible={true}
            collapsable={false}
            focusable={true}
            onClick={[Function]}
            onResponderGrant={[Function]}
            onResponderMove={[Function]}
            onResponderRelease={[Function]}
            onResponderTerminate={[Function]}
            onResponderTerminationRequest={[Function]}
            onStartShouldSetResponder={[Function]}
            style={
              {
                "flexBasis": 0,
                "flexGrow": 1,
                "flexShrink": 1,
                "marginHorizontal": 20,
                "opacity": 1,
              }
            }
          >
            <View
              active={false}
              collapsable={false}
              style={
                {
                  "alignItems": "center",
                  "borderBottomLeftRadius": 10,
                  "borderBottomRightRadius": 10,
                  "borderColor": "#6B6E79",
                  "borderTopLeftRadius": 10,
                  "borderTopRightRadius": 10,
                  "borderWidth": 1,
                  "flexBasis": 0,
                  "flexGrow": 1,
                  "flexShrink": 1,
                  "justifyContent": "center",
                  "transform": [
                    {
                      "scale": 1,
                    },
                  ],
                }
              }
            >
              <View
                collapsable={false}
                style={
                  {
                    "backgroundColor": "#873FBB1A",
                    "borderBottomLeftRadius": 10,
                    "borderBottomRightRadius": 10,
                    "borderTopLeftRadius": 10,
                    "borderTopRightRadius": 10,
                    "bottom": 0,
                    "left": 0,
                    "opacity": 0,
                    "position": "absolute",
                    "right": 0,
                    "top": 0,
                  }
                }
              />
              <Text
                active={false}
                collapsable={false}
                style={
                  {
                    "color": "#6B6E79",
                    "fontFamily": "Poppins-Regular",
                    "fontSize": 14,
                    "textTransform": "capitalize",
                  }
                }
              >
                MOCKED_STRING:'onb:Other
              </Text>
            </View>
          </View>
        </View>
        <View
          style={
            {
              "alignItems": "center",
              "flexDirection": "row",
              "justifyContent": "space-between",
              "marginBottom": 20,
            }
          }
        >
          <Text
            style={
              {
                "color": "#FFFFFF",
                "fontSize": 18,
                "marginVertical": 6,
              }
            }
          >
            MOCKED_STRING:common:ageRange
          </Text>
          <Text
            style={
              {
                "color": "#FFFFFF",
                "fontSize": 16,
              }
            }
          >
            13 ~ 90
          </Text>
        </View>
        <View
          style={
            {
              "alignSelf": "center",
              "paddingHorizontal": 10,
              "width": "100%",
            }
          }
          testID="mock-multi-slider"
        >
          <View
            collapsable={false}
            isDragging={false}
            style={
              {
                "backgroundColor": "#873FBB",
                "borderBottomLeftRadius": 15,
                "borderBottomRightRadius": 15,
                "borderColor": "#873FBB",
                "borderTopLeftRadius": 15,
                "borderTopRightRadius": 15,
                "borderWidth": 1,
                "height": 30,
                "shadowColor": "#873FBB",
                "shadowOffset": {
                  "height": 0,
                  "width": 0,
                },
                "shadowOpacity": 0,
                "shadowRadius": 10,
                "transform": [
                  {
                    "scale": 1,
                  },
                ],
                "width": 30,
              }
            }
          />
        </View>
        <Text
          style={
            {
              "color": "#FFFFFF",
              "fontSize": 18,
              "marginVertical": 6,
            }
          }
        >
          MOCKED_STRING:matches:selectGame
        </Text>
        <View
          accessibilityState={
            {
              "busy": undefined,
              "checked": undefined,
              "disabled": undefined,
              "expanded": undefined,
              "selected": undefined,
            }
          }
          accessibilityValue={
            {
              "max": undefined,
              "min": undefined,
              "now": undefined,
              "text": undefined,
            }
          }
          accessible={true}
          collapsable={false}
          focusable={true}
          onClick={[Function]}
          onResponderGrant={[Function]}
          onResponderMove={[Function]}
          onResponderRelease={[Function]}
          onResponderTerminate={[Function]}
          onResponderTerminationRequest={[Function]}
          onStartShouldSetResponder={[Function]}
          style={
            {
              "alignItems": "center",
              "backgroundColor": "#15161A",
              "borderBottomLeftRadius": 10,
              "borderBottomRightRadius": 10,
              "borderColor": "#85899599",
              "borderTopLeftRadius": 10,
              "borderTopRightRadius": 10,
              "borderWidth": 1,
              "flexDirection": "row",
              "justifyContent": "space-between",
              "marginBottom": 16,
              "opacity": 1,
              "paddingBottom": 16,
              "paddingLeft": 16,
              "paddingRight": 16,
              "paddingTop": 16,
            }
          }
        >
          <Text
            style={
              {
                "color": "#FFFFFF",
                "fontSize": 16,
              }
            }
          >
            MOCKED_STRING:matches:anyGame
          </Text>
          <Text
            allowFontScaling={false}
            selectable={false}
            style={
              [
                {
                  "color": "#FFFFFF",
                  "fontSize": 24,
                },
                undefined,
                {
                  "fontFamily": undefined,
                  "fontStyle": "normal",
                  "fontWeight": "normal",
                },
                {},
              ]
            }
          >
            
          </Text>
        </View>
        <Text
          style={
            {
              "color": "#FFFFFF",
              "fontSize": 18,
              "marginVertical": 6,
            }
          }
        >
          MOCKED_STRING:matches:selectLanguage
        </Text>
        <View
          style={
            {
              "backgroundColor": "#15161A",
              "borderBottomLeftRadius": 10,
              "borderBottomRightRadius": 10,
              "borderColor": "#6B6E79",
              "borderTopLeftRadius": 10,
              "borderTopRightRadius": 10,
              "borderWidth": 1,
              "paddingBottom": 12,
              "paddingLeft": 12,
              "paddingRight": 12,
              "paddingTop": 12,
              "width": "100%",
            }
          }
        >
          <View
            onLayout={[Function]}
            style={
              {
                "justifyContent": "center",
              }
            }
          >
            <View
              accessibilityState={
                {
                  "busy": undefined,
                  "checked": undefined,
                  "disabled": undefined,
                  "expanded": undefined,
                  "selected": undefined,
                }
              }
              accessible={false}
              focusable={true}
              onClick={[Function]}
              onResponderGrant={[Function]}
              onResponderMove={[Function]}
              onResponderRelease={[Function]}
              onResponderTerminate={[Function]}
              onResponderTerminationRequest={[Function]}
              onStartShouldSetResponder={[Function]}
              style={
                {
                  "alignItems": "center",
                  "flexDirection": "row",
                  "justifyContent": "space-between",
                }
              }
            >
              <Text
                style={
                  [
                    {
                      "flex": 1,
                      "fontSize": 16,
                      "writingDirection": "ltr",
                    },
                    {
                      "color": "#858995",
                      "fontSize": 18,
                    },
                    {},
                  ]
                }
              >
                MOCKED_STRING:matches:selectLanguage
              </Text>
              <View
                collapsable={false}
                style={
                  {
                    "transform": [
                      {
                        "rotate": "0deg",
                      },
                    ],
                  }
                }
              >
                <Text
                  allowFontScaling={false}
                  selectable={false}
                  style={
                    [
                      {
                        "color": undefined,
                        "fontSize": 12,
                      },
                      {
                        "color": "#873FBB",
                        "fontSize": 20,
                      },
                      {
                        "fontFamily": undefined,
                        "fontStyle": "normal",
                        "fontWeight": "normal",
                      },
                      {},
                    ]
                  }
                >
                  
                </Text>
              </View>
            </View>
          </View>
        </View>
      </View>
      <View
        style={
          {
            "flexDirection": "row",
            "justifyContent": "space-between",
            "paddingHorizontal": 16,
          }
        }
      >
        <View
          accessibilityState={
            {
              "busy": undefined,
              "checked": undefined,
              "disabled": undefined,
              "expanded": undefined,
              "selected": undefined,
            }
          }
          accessibilityValue={
            {
              "max": undefined,
              "min": undefined,
              "now": undefined,
              "text": undefined,
            }
          }
          accessible={true}
          collapsable={false}
          focusable={true}
          onClick={[Function]}
          onResponderGrant={[Function]}
          onResponderMove={[Function]}
          onResponderRelease={[Function]}
          onResponderTerminate={[Function]}
          onResponderTerminationRequest={[Function]}
          onStartShouldSetResponder={[Function]}
          style={
            {
              "alignItems": "center",
              "backgroundColor": "transparent",
              "borderBottomLeftRadius": 8,
              "borderBottomRightRadius": 8,
              "borderColor": "#85899599",
              "borderTopLeftRadius": 8,
              "borderTopRightRadius": 8,
              "borderWidth": 1,
              "opacity": 1,
              "paddingBottom": 12,
              "paddingLeft": 12,
              "paddingRight": 12,
              "paddingTop": 12,
              "width": "38%",
            }
          }
        >
          <Text
            style={
              {
                "color": "#FFFFFF",
                "fontSize": 18,
              }
            }
          >
            MOCKED_STRING:common:reset
          </Text>
        </View>
        <View
          accessibilityState={
            {
              "busy": undefined,
              "checked": undefined,
              "disabled": undefined,
              "expanded": undefined,
              "selected": undefined,
            }
          }
          accessibilityValue={
            {
              "max": undefined,
              "min": undefined,
              "now": undefined,
              "text": undefined,
            }
          }
          accessible={true}
          collapsable={false}
          focusable={true}
          onClick={[Function]}
          onResponderGrant={[Function]}
          onResponderMove={[Function]}
          onResponderRelease={[Function]}
          onResponderTerminate={[Function]}
          onResponderTerminationRequest={[Function]}
          onStartShouldSetResponder={[Function]}
          style={
            {
              "alignItems": "center",
              "backgroundColor": "#FF6705",
              "borderBottomLeftRadius": 8,
              "borderBottomRightRadius": 8,
              "borderTopLeftRadius": 8,
              "borderTopRightRadius": 8,
              "opacity": 1,
              "paddingBottom": 12,
              "paddingLeft": 12,
              "paddingRight": 12,
              "paddingTop": 12,
              "width": "38%",
            }
          }
        >
          <Text
            style={
              {
                "color": "#FFFFFF",
                "fontSize": 18,
              }
            }
          >
            MOCKED_STRING:matches:apply
          </Text>
        </View>
      </View>
    </View>
  </View>
</View>
`;
