// Jest Snapshot v1, https://goo.gl/fbAQLP

exports[`<SocialMedia /> SocialMedia renders correctly 1`] = `
<View
  style={
    {
      "alignItems": "center",
      "flexDirection": "row",
      "height": 80,
      "justifyContent": "center",
      "marginBottom": 30,
      "marginTop": 30,
    }
  }
>
  <View
    accessibilityState={
      {
        "busy": undefined,
        "checked": undefined,
        "disabled": undefined,
        "expanded": undefined,
        "selected": undefined,
      }
    }
    accessibilityValue={
      {
        "max": undefined,
        "min": undefined,
        "now": undefined,
        "text": undefined,
      }
    }
    accessible={true}
    collapsable={false}
    focusable={true}
    onClick={[Function]}
    onResponderGrant={[Function]}
    onResponderMove={[Function]}
    onResponderRelease={[Function]}
    onResponderTerminate={[Function]}
    onResponderTerminationRequest={[Function]}
    onStartShouldSetResponder={[Function]}
    style={
      {
        "alignItems": "center",
        "backgroundColor": "#35363B",
        "borderBottomLeftRadius": 30,
        "borderBottomRightRadius": 30,
        "borderTopLeftRadius": 30,
        "borderTopRightRadius": 30,
        "display": "flex",
        "height": 45,
        "justifyContent": "center",
        "marginHorizontal": 15,
        "opacity": 1,
        "width": 45,
      }
    }
  >
    <Image
      height={19}
      source={1}
      style={
        {
          "height": 19,
          "width": 16,
        }
      }
      width={16}
    />
  </View>
  <View
    accessibilityState={
      {
        "busy": undefined,
        "checked": undefined,
        "disabled": undefined,
        "expanded": undefined,
        "selected": undefined,
      }
    }
    accessibilityValue={
      {
        "max": undefined,
        "min": undefined,
        "now": undefined,
        "text": undefined,
      }
    }
    accessible={true}
    collapsable={false}
    focusable={true}
    onClick={[Function]}
    onResponderGrant={[Function]}
    onResponderMove={[Function]}
    onResponderRelease={[Function]}
    onResponderTerminate={[Function]}
    onResponderTerminationRequest={[Function]}
    onStartShouldSetResponder={[Function]}
    style={
      {
        "alignItems": "center",
        "backgroundColor": "#35363B",
        "borderBottomLeftRadius": 30,
        "borderBottomRightRadius": 30,
        "borderTopLeftRadius": 30,
        "borderTopRightRadius": 30,
        "display": "flex",
        "height": 45,
        "justifyContent": "center",
        "marginHorizontal": 15,
        "opacity": 1,
        "width": 45,
      }
    }
  >
    <Image
      height={16}
      source={1}
      style={
        {
          "height": 16,
          "width": 16,
        }
      }
      width={16}
    />
  </View>
  <View
    accessibilityState={
      {
        "busy": undefined,
        "checked": undefined,
        "disabled": undefined,
        "expanded": undefined,
        "selected": undefined,
      }
    }
    accessibilityValue={
      {
        "max": undefined,
        "min": undefined,
        "now": undefined,
        "text": undefined,
      }
    }
    accessible={true}
    collapsable={false}
    focusable={true}
    onClick={[Function]}
    onResponderGrant={[Function]}
    onResponderMove={[Function]}
    onResponderRelease={[Function]}
    onResponderTerminate={[Function]}
    onResponderTerminationRequest={[Function]}
    onStartShouldSetResponder={[Function]}
    style={
      {
        "alignItems": "center",
        "backgroundColor": "#35363B",
        "borderBottomLeftRadius": 30,
        "borderBottomRightRadius": 30,
        "borderTopLeftRadius": 30,
        "borderTopRightRadius": 30,
        "display": "flex",
        "height": 45,
        "justifyContent": "center",
        "marginHorizontal": 15,
        "opacity": 1,
        "width": 45,
      }
    }
  >
    <Image
      height={15}
      source={1}
      style={
        {
          "height": 15,
          "width": 20,
        }
      }
      width={20}
    />
  </View>
  <View
    accessibilityState={
      {
        "busy": undefined,
        "checked": undefined,
        "disabled": undefined,
        "expanded": undefined,
        "selected": undefined,
      }
    }
    accessibilityValue={
      {
        "max": undefined,
        "min": undefined,
        "now": undefined,
        "text": undefined,
      }
    }
    accessible={true}
    collapsable={false}
    focusable={true}
    onClick={[Function]}
    onResponderGrant={[Function]}
    onResponderMove={[Function]}
    onResponderRelease={[Function]}
    onResponderTerminate={[Function]}
    onResponderTerminationRequest={[Function]}
    onStartShouldSetResponder={[Function]}
    style={
      {
        "alignItems": "center",
        "backgroundColor": "#35363B",
        "borderBottomLeftRadius": 30,
        "borderBottomRightRadius": 30,
        "borderTopLeftRadius": 30,
        "borderTopRightRadius": 30,
        "display": "flex",
        "height": 45,
        "justifyContent": "center",
        "marginHorizontal": 15,
        "opacity": 1,
        "width": 45,
      }
    }
  >
    <Image
      height={19}
      source={1}
      style={
        {
          "height": 19,
          "width": 10,
        }
      }
      width={10}
    />
  </View>
</View>
`;
