// Jest Snapshot v1, https://goo.gl/fbAQLP

exports[`<TrackingPermissionBlock /> TrackingPermissionBlock renders correctly 1`] = `
<View
  style={{}}
>
  <RCTScrollView
    contentContainerStyle={
      {
        "alignItems": "center",
        "flexGrow": 1,
      }
    }
    style={
      {
        "height": "100%",
        "paddingHorizontal": 10,
        "width": "100%",
      }
    }
  >
    <View>
      <View
        style={
          {
            "alignItems": "center",
            "height": 200.1,
            "justifyContent": "center",
            "marginVertical": 60,
          }
        }
      >
        <Image
          contentFit="contain"
          source={1}
          style={
            {
              "height": 266.8,
              "width": 266.8,
            }
          }
        />
      </View>
      <View
        style={{}}
      >
        <Text
          style={
            {
              "color": "#FFFFFF",
              "fontFamily": "Poppins-Bold",
              "fontSize": 20,
              "marginVertical": 10,
              "textAlign": "center",
            }
          }
        >
          MOCKED_STRING:onb:helpGametree
        </Text>
        <Text
          style={
            {
              "color": "#FFFFFF",
              "fontFamily": "Poppins-Regular",
              "fontSize": 13,
              "marginBottom": 20,
              "marginTop": 10,
              "textAlign": "center",
              "width": 637.5,
            }
          }
        >
          MOCKED_STRING:onb:weUseAds
        </Text>
        <Text
          style={
            {
              "color": "#FFFFFF",
              "fontFamily": "Poppins-Regular",
              "fontSize": 13,
              "marginBottom": 20,
              "marginTop": 10,
              "textAlign": "center",
              "width": 637.5,
            }
          }
        >
          MOCKED_STRING:onb:adsExplanation
        </Text>
      </View>
      <View
        style={
          {
            "paddingBottom": 40,
            "paddingLeft": 40,
            "paddingRight": 40,
            "paddingTop": 40,
            "width": "100%",
          }
        }
      >
        <View
          accessibilityState={
            {
              "busy": undefined,
              "checked": undefined,
              "disabled": false,
              "expanded": undefined,
              "selected": undefined,
            }
          }
          accessibilityValue={
            {
              "max": undefined,
              "min": undefined,
              "now": undefined,
              "text": undefined,
            }
          }
          accessible={true}
          collapsable={false}
          focusable={true}
          onClick={[Function]}
          onResponderGrant={[Function]}
          onResponderMove={[Function]}
          onResponderRelease={[Function]}
          onResponderTerminate={[Function]}
          onResponderTerminationRequest={[Function]}
          onStartShouldSetResponder={[Function]}
          style={
            {
              "alignItems": "center",
              "borderBottomLeftRadius": 25,
              "borderBottomRightRadius": 25,
              "borderTopLeftRadius": 25,
              "borderTopRightRadius": 25,
              "height": 50,
              "justifyContent": "center",
              "marginBottom": 15,
              "opacity": 1,
              "overflow": "hidden",
            }
          }
        >
          <ViewManagerAdapter_ExpoLinearGradient
            colors={
              [
                "#FF6705",
                "#FFB700",
              ]
            }
            disabled={false}
            end={
              {
                "x": 1,
                "y": 0,
              }
            }
            start={
              {
                "x": 0,
                "y": 1,
              }
            }
            style={
              {
                "alignContent": "center",
                "height": "100%",
                "justifyContent": "center",
                "width": "100%",
              }
            }
          >
            <Text
              style={
                {
                  "color": "#FFFFFF",
                  "fontFamily": "Poppins-Bold",
                  "fontSize": 14,
                  "textAlign": "center",
                }
              }
            >
              MOCKED_STRING:ONB:ACCEPT
            </Text>
          </ViewManagerAdapter_ExpoLinearGradient>
        </View>
        <View
          accessibilityState={
            {
              "busy": undefined,
              "checked": undefined,
              "disabled": false,
              "expanded": undefined,
              "selected": undefined,
            }
          }
          accessibilityValue={
            {
              "max": undefined,
              "min": undefined,
              "now": undefined,
              "text": undefined,
            }
          }
          accessible={true}
          collapsable={false}
          focusable={true}
          onClick={[Function]}
          onResponderGrant={[Function]}
          onResponderMove={[Function]}
          onResponderRelease={[Function]}
          onResponderTerminate={[Function]}
          onResponderTerminationRequest={[Function]}
          onStartShouldSetResponder={[Function]}
          style={
            {
              "alignItems": "center",
              "borderBottomLeftRadius": 25,
              "borderBottomRightRadius": 25,
              "borderColor": "#85899599",
              "borderTopLeftRadius": 25,
              "borderTopRightRadius": 25,
              "borderWidth": 1,
              "height": 50,
              "justifyContent": "center",
              "marginBottom": 15,
              "opacity": 1,
              "overflow": "hidden",
            }
          }
        >
          <Text
            style={
              {
                "color": "#FFFFFF",
                "fontFamily": "Poppins-Bold",
                "fontSize": 14,
                "textAlign": "center",
              }
            }
          >
            MOCKED_STRING:ONB:NOTNOW
          </Text>
        </View>
      </View>
      <View
        style={
          {
            "alignItems": "center",
            "justifyContent": "center",
            "paddingHorizontal": 20,
            "width": "100%",
          }
        }
        withOpacity={false}
      >
        <View
          injectViewProps={[Function]}
          style={
            {
              "alignItems": "center",
              "width": "100%",
            }
          }
        >
          <Text
            style={
              {
                "color": "#FFFFFF",
                "letterSpacing": 0.3,
                "lineHeight": 20,
                "marginTop": 0,
                "minHeight": 40,
                "textAlign": "center",
              }
            }
          >
            MOCKED_STRING:login:by_signing_t_p
          </Text>
        </View>
      </View>
    </View>
  </RCTScrollView>
</View>
`;
