// Jest Snapshot v1, https://goo.gl/fbAQLP

exports[`<PageContainer /> PageContainer container renders correctly 1`] = `
<View
  onLayout={[Function]}
  style={
    {
      "flexBasis": 0,
      "flexGrow": 1,
      "flexShrink": 1,
    }
  }
>
  <View
    accessibilityState={
      {
        "busy": undefined,
        "checked": undefined,
        "disabled": undefined,
        "expanded": undefined,
        "selected": undefined,
      }
    }
    accessibilityValue={
      {
        "max": undefined,
        "min": undefined,
        "now": undefined,
        "text": undefined,
      }
    }
    accessible={false}
    collapsable={false}
    focusable={true}
    onBlur={[Function]}
    onClick={[Function]}
    onFocus={[Function]}
    onResponderGrant={[Function]}
    onResponderMove={[Function]}
    onResponderRelease={[Function]}
    onResponderTerminate={[Function]}
    onResponderTerminationRequest={[Function]}
    onStartShouldSetResponder={[Function]}
    style={
      {
        "flexBasis": 0,
        "flexGrow": 1,
        "flexShrink": 1,
      }
    }
  >
    <View
      bottomInset={0}
      style={
        {
          "flexBasis": 0,
          "flexGrow": 1,
          "flexShrink": 1,
          "paddingTop": 0,
        }
      }
      topInset={0}
    >
      <View />
    </View>
  </View>
</View>
`;
