// Jest Snapshot v1, https://goo.gl/fbAQLP

exports[`<Input /> Input renders correctly 1`] = `
[
  <View
    showError={false}
    style={
      {
        "alignItems": "center",
        "backgroundColor": "#15161A",
        "borderBottomLeftRadius": 8,
        "borderBottomRightRadius": 8,
        "borderColor": "#85899599",
        "borderTopLeftRadius": 8,
        "borderTopRightRadius": 8,
        "borderWidth": 0.5,
        "flexDirection": "row",
        "paddingHorizontal": 10,
        "paddingVertical": 10,
      }
    }
  >
    <Text
      allowFontScaling={false}
      isError={false}
      selectable={false}
      style={
        [
          {
            "color": undefined,
            "fontSize": 12,
          },
          {
            "color": "#858995",
            "fontSize": 20,
            "marginRight": 10,
          },
          {
            "fontFamily": undefined,
            "fontStyle": "normal",
            "fontWeight": "normal",
          },
          {
            "fontWeight": "700",
          },
        ]
      }
    >
      
    </Text>
    <TextInput
      placeholder="Test test"
      placeholderTextColor="#858995"
      style={
        {
          "color": "#FFFFFF",
          "flexBasis": 0,
          "flexGrow": 1,
          "flexShrink": 1,
          "fontFamily": "Poppins-Regular",
          "fontSize": 14,
          "height": 32,
          "paddingBottom": 0,
          "paddingLeft": 0,
          "paddingRight": 0,
          "paddingTop": 0,
        }
      }
      underlineColorAndroid="transparent"
      value="234"
    />
  </View>,
  <View
    showError={true}
    style={
      {
        "alignItems": "center",
        "backgroundColor": "#15161A",
        "borderBottomLeftRadius": 8,
        "borderBottomRightRadius": 8,
        "borderColor": "#f60004",
        "borderTopLeftRadius": 8,
        "borderTopRightRadius": 8,
        "borderWidth": 0.5,
        "flexDirection": "row",
        "paddingHorizontal": 10,
        "paddingVertical": 10,
      }
    }
  >
    <TextInput
      placeholder="Test test"
      placeholderTextColor="#858995"
      style={
        {
          "color": "#FFFFFF",
          "flexBasis": 0,
          "flexGrow": 1,
          "flexShrink": 1,
          "fontFamily": "Poppins-Regular",
          "fontSize": 14,
          "height": 32,
          "paddingBottom": 0,
          "paddingLeft": 0,
          "paddingRight": 0,
          "paddingTop": 0,
        }
      }
      underlineColorAndroid="transparent"
      value="234"
    />
  </View>,
  <Text
    style={
      {
        "color": "#D33E41",
        "fontFamily": "Poppins-Regular",
        "fontSize": 14,
        "marginBottom": 5,
        "position": "relative",
      }
    }
  >
    34758dshfgjkbsdjbsd
  </Text>,
  <View
    showError={false}
    style={
      {
        "alignItems": "center",
        "backgroundColor": "#15161A",
        "borderBottomLeftRadius": 8,
        "borderBottomRightRadius": 8,
        "borderColor": "#85899599",
        "borderTopLeftRadius": 8,
        "borderTopRightRadius": 8,
        "borderWidth": 0.5,
        "flexDirection": "row",
        "paddingHorizontal": 10,
        "paddingVertical": 10,
      }
    }
  >
    <TextInput
      placeholder="Test test"
      placeholderTextColor="#858995"
      style={
        {
          "color": "#FFFFFF",
          "flexBasis": 0,
          "flexGrow": 1,
          "flexShrink": 1,
          "fontFamily": "Poppins-Regular",
          "fontSize": 14,
          "height": 32,
          "paddingBottom": 0,
          "paddingLeft": 0,
          "paddingRight": 0,
          "paddingTop": 0,
        }
      }
      underlineColorAndroid="transparent"
      value="234"
    />
  </View>,
  <View
    showError={false}
    style={
      {
        "alignItems": "center",
        "backgroundColor": "#15161A",
        "borderBottomLeftRadius": 8,
        "borderBottomRightRadius": 8,
        "borderColor": "#85899599",
        "borderTopLeftRadius": 8,
        "borderTopRightRadius": 8,
        "borderWidth": 0.5,
        "flexDirection": "row",
        "paddingHorizontal": 10,
        "paddingVertical": 10,
      }
    }
  >
    <TextInput
      autoCapitalize="none"
      autoCorrect={false}
      maxLength={50}
      placeholder="Test test"
      placeholderTextColor="#858995"
      style={
        {
          "color": "#FFFFFF",
          "flexBasis": 0,
          "flexGrow": 1,
          "flexShrink": 1,
          "fontFamily": "Poppins-Regular",
          "fontSize": 14,
          "height": 32,
          "paddingBottom": 0,
          "paddingLeft": 0,
          "paddingRight": 0,
          "paddingTop": 0,
        }
      }
      underlineColorAndroid="rgba(0, 0, 0, 0)"
      value="234"
    />
  </View>,
  <View
    showError={false}
    style={
      {
        "alignItems": "center",
        "backgroundColor": "#15161A",
        "borderBottomLeftRadius": 8,
        "borderBottomRightRadius": 8,
        "borderColor": "#85899599",
        "borderTopLeftRadius": 8,
        "borderTopRightRadius": 8,
        "borderWidth": 0.5,
        "flexDirection": "row",
        "paddingHorizontal": 10,
        "paddingVertical": 10,
      }
    }
  >
    <TextInput
      autoCapitalize="none"
      autoCorrect={false}
      keyboardType="email-address"
      placeholder="Test test"
      placeholderTextColor="#858995"
      style={
        {
          "color": "#FFFFFF",
          "flexBasis": 0,
          "flexGrow": 1,
          "flexShrink": 1,
          "fontFamily": "Poppins-Regular",
          "fontSize": 14,
          "height": 32,
          "paddingBottom": 0,
          "paddingLeft": 0,
          "paddingRight": 0,
          "paddingTop": 0,
        }
      }
      textContentType="emailAddress"
      underlineColorAndroid="transparent"
      value="234"
    />
  </View>,
  <View
    showError={false}
    style={
      {
        "alignItems": "center",
        "backgroundColor": "#15161A",
        "borderBottomLeftRadius": 8,
        "borderBottomRightRadius": 8,
        "borderColor": "#85899599",
        "borderTopLeftRadius": 8,
        "borderTopRightRadius": 8,
        "borderWidth": 0.5,
        "flexDirection": "row",
        "paddingHorizontal": 10,
        "paddingVertical": 10,
      }
    }
  >
    <TextInput
      autoCapitalize="none"
      autoCorrect={false}
      placeholder="Test test"
      placeholderTextColor="#858995"
      secureTextEntry={true}
      style={
        {
          "color": "#FFFFFF",
          "flexBasis": 0,
          "flexGrow": 1,
          "flexShrink": 1,
          "fontFamily": "Poppins-Regular",
          "fontSize": 14,
          "height": 32,
          "paddingBottom": 0,
          "paddingLeft": 0,
          "paddingRight": 0,
          "paddingTop": 0,
        }
      }
      textContentType="password"
      underlineColorAndroid="transparent"
      value="234"
    />
    <View
      accessibilityState={
        {
          "busy": undefined,
          "checked": undefined,
          "disabled": undefined,
          "expanded": undefined,
          "selected": undefined,
        }
      }
      accessibilityValue={
        {
          "max": undefined,
          "min": undefined,
          "now": undefined,
          "text": undefined,
        }
      }
      accessible={true}
      collapsable={false}
      focusable={true}
      onClick={[Function]}
      onResponderGrant={[Function]}
      onResponderMove={[Function]}
      onResponderRelease={[Function]}
      onResponderTerminate={[Function]}
      onResponderTerminationRequest={[Function]}
      onStartShouldSetResponder={[Function]}
      style={
        {
          "opacity": 1,
        }
      }
    >
      <Text
        allowFontScaling={false}
        isError={false}
        selectable={false}
        style={
          [
            {
              "color": undefined,
              "fontSize": 12,
            },
            {
              "color": "#858995",
              "fontSize": 20,
              "marginRight": 10,
            },
            {
              "fontFamily": undefined,
              "fontStyle": "normal",
              "fontWeight": "normal",
            },
            {
              "fontWeight": "400",
            },
          ]
        }
      >
        
      </Text>
    </View>
  </View>,
]
`;
