// Jest Snapshot v1, https://goo.gl/fbAQLP

exports[`<GenderButton /> GenderButton renders correctly 1`] = `
[
  <View
    accessibilityState={
      {
        "busy": undefined,
        "checked": undefined,
        "disabled": undefined,
        "expanded": undefined,
        "selected": undefined,
      }
    }
    accessibilityValue={
      {
        "max": undefined,
        "min": undefined,
        "now": undefined,
        "text": undefined,
      }
    }
    accessible={true}
    collapsable={false}
    focusable={true}
    onClick={[Function]}
    onResponderGrant={[Function]}
    onResponderMove={[Function]}
    onResponderRelease={[Function]}
    onResponderTerminate={[Function]}
    onResponderTerminationRequest={[Function]}
    onStartShouldSetResponder={[Function]}
    style={
      {
        "flexBasis": 0,
        "flexGrow": 1,
        "flexShrink": 1,
        "marginHorizontal": 20,
        "opacity": 1,
      }
    }
  >
    <View
      active={true}
      collapsable={false}
      style={
        {
          "alignItems": "center",
          "borderBottomLeftRadius": 10,
          "borderBottomRightRadius": 10,
          "borderColor": "#873FBB",
          "borderTopLeftRadius": 10,
          "borderTopRightRadius": 10,
          "borderWidth": 1,
          "flexBasis": 0,
          "flexGrow": 1,
          "flexShrink": 1,
          "justifyContent": "center",
          "transform": [
            {
              "scale": 1,
            },
          ],
        }
      }
    >
      <View
        collapsable={false}
        style={
          {
            "backgroundColor": "#873FBB1A",
            "borderBottomLeftRadius": 10,
            "borderBottomRightRadius": 10,
            "borderTopLeftRadius": 10,
            "borderTopRightRadius": 10,
            "bottom": 0,
            "left": 0,
            "opacity": 1,
            "position": "absolute",
            "right": 0,
            "top": 0,
          }
        }
      />
      <Text
        active={true}
        collapsable={false}
        style={
          {
            "color": "#873FBB",
            "fontFamily": "Poppins-Bold",
            "fontSize": 14,
            "textTransform": "capitalize",
          }
        }
      >
        MOCKED_STRING:'onb:Any
      </Text>
    </View>
  </View>,
  <View
    accessibilityState={
      {
        "busy": undefined,
        "checked": undefined,
        "disabled": undefined,
        "expanded": undefined,
        "selected": undefined,
      }
    }
    accessibilityValue={
      {
        "max": undefined,
        "min": undefined,
        "now": undefined,
        "text": undefined,
      }
    }
    accessible={true}
    collapsable={false}
    focusable={true}
    onClick={[Function]}
    onResponderGrant={[Function]}
    onResponderMove={[Function]}
    onResponderRelease={[Function]}
    onResponderTerminate={[Function]}
    onResponderTerminationRequest={[Function]}
    onStartShouldSetResponder={[Function]}
    style={
      {
        "flexBasis": 0,
        "flexGrow": 1,
        "flexShrink": 1,
        "marginHorizontal": 20,
        "opacity": 1,
      }
    }
  >
    <View
      active={false}
      collapsable={false}
      style={
        {
          "alignItems": "center",
          "borderBottomLeftRadius": 10,
          "borderBottomRightRadius": 10,
          "borderColor": "#6B6E79",
          "borderTopLeftRadius": 10,
          "borderTopRightRadius": 10,
          "borderWidth": 1,
          "flexBasis": 0,
          "flexGrow": 1,
          "flexShrink": 1,
          "justifyContent": "center",
          "transform": [
            {
              "scale": 1,
            },
          ],
        }
      }
    >
      <View
        collapsable={false}
        style={
          {
            "backgroundColor": "#873FBB1A",
            "borderBottomLeftRadius": 10,
            "borderBottomRightRadius": 10,
            "borderTopLeftRadius": 10,
            "borderTopRightRadius": 10,
            "bottom": 0,
            "left": 0,
            "opacity": 0,
            "position": "absolute",
            "right": 0,
            "top": 0,
          }
        }
      />
      <Text
        active={false}
        collapsable={false}
        style={
          {
            "color": "#6B6E79",
            "fontFamily": "Poppins-Regular",
            "fontSize": 14,
            "textTransform": "capitalize",
          }
        }
      >
        MOCKED_STRING:'onb:Female
      </Text>
    </View>
  </View>,
]
`;
